{
  "evaluated_at": "2026-08-05T23:04:12.666Z",
  "candidate_dir": "/workspaces/shootemup-benchmark/candidates/monolith_sol_medium",
  "result_artifact_valid": true,
  "automated_points": 52,
  "automated_points_available": 54,
  "checks": {
    "valid_result_artifact": {
      "passed": true,
      "points_awarded": 3,
      "points_available": 3,
      "evidence": null
    },
    "live_cloudflare_app": {
      "passed": true,
      "points_awarded": 5,
      "points_available": 5,
      "evidence": {
        "http_status": 200,
        "canvas_visible": true
      }
    },
    "required_test_surface": {
      "passed": true,
      "points_awarded": 2,
      "points_available": 2,
      "evidence": {
        "selectorPresence": {
          "start-button": 1,
          "score": 1,
          "lives": 1,
          "mute-button": 1,
          "leaderboard": 1,
          "player-name": 1,
          "submit-score": 1,
          "touch-controls": 1
        },
        "adapterPresent": true
      }
    },
    "game_starts": {
      "passed": true,
      "points_awarded": 2,
      "points_available": 2,
      "evidence": {
        "phase": "playing",
        "score": 0,
        "lives": 3,
        "playerX": 400,
        "playerY": 795,
        "enemyCount": 1,
        "projectileCount": 0
      }
    },
    "keyboard_movement": {
      "passed": true,
      "points_awarded": 3,
      "points_available": 3,
      "evidence": {
        "initial": {
          "phase": "playing",
          "score": 0,
          "lives": 3,
          "playerX": 400,
          "playerY": 795,
          "enemyCount": 1,
          "projectileCount": 0
        },
        "moved": {
          "phase": "playing",
          "score": 0,
          "lives": 3,
          "playerX": 525,
          "playerY": 795,
          "enemyCount": 1,
          "projectileCount": 0
        }
      }
    },
    "keyboard_fire": {
      "passed": true,
      "points_awarded": 3,
      "points_available": 3,
      "evidence": {
        "moved": {
          "phase": "playing",
          "score": 0,
          "lives": 3,
          "playerX": 525,
          "playerY": 795,
          "enemyCount": 1,
          "projectileCount": 0
        },
        "fired": {
          "phase": "playing",
          "score": 0,
          "lives": 3,
          "playerX": 525,
          "playerY": 795,
          "enemyCount": 1,
          "projectileCount": 2
        }
      }
    },
    "enemies_spawn": {
      "passed": true,
      "points_awarded": 3,
      "points_available": 3,
      "evidence": {
        "phase": "playing",
        "score": 110,
        "lives": 3,
        "playerX": 525,
        "playerY": 795,
        "enemyCount": 3,
        "projectileCount": 0
      }
    },
    "hud_state": {
      "passed": true,
      "points_awarded": 2,
      "points_available": 2,
      "evidence": {
        "phase": "playing",
        "score": 110,
        "lives": 3,
        "playerX": 525,
        "playerY": 795,
        "enemyCount": 3,
        "projectileCount": 0
      }
    },
    "game_over_adapter_uses_real_state": {
      "passed": true,
      "points_awarded": 3,
      "points_available": 3,
      "evidence": {
        "phase": "gameover",
        "score": 7317,
        "lives": 0,
        "playerX": 525,
        "playerY": 795,
        "enemyCount": 3,
        "projectileCount": 0
      }
    },
    "leaderboard_ui_submission": {
      "passed": true,
      "points_awarded": 6,
      "points_available": 6,
      "evidence": {
        "testName": "BMX5971059662",
        "requests": [
          {
            "method": "GET",
            "status": 200,
            "url": "https://ljftumtjkouofgvkxgdk.supabase.co/rest/v1/leaderboard"
          },
          {
            "method": "POST",
            "status": 201,
            "url": "https://ljftumtjkouofgvkxgdk.supabase.co/rest/v1/leaderboard"
          },
          {
            "method": "GET",
            "status": 200,
            "url": "https://ljftumtjkouofgvkxgdk.supabase.co/rest/v1/leaderboard"
          },
          {
            "method": "GET",
            "status": 200,
            "url": "https://ljftumtjkouofgvkxgdk.supabase.co/rest/v1/leaderboard"
          }
        ]
      }
    },
    "leaderboard_reload_persistence": {
      "passed": true,
      "points_awarded": 6,
      "points_available": 6,
      "evidence": {
        "testName": "BMX5971059662",
        "persisted": true,
        "requests": [
          {
            "method": "GET",
            "status": 200,
            "url": "https://ljftumtjkouofgvkxgdk.supabase.co/rest/v1/leaderboard"
          },
          {
            "method": "POST",
            "status": 201,
            "url": "https://ljftumtjkouofgvkxgdk.supabase.co/rest/v1/leaderboard"
          },
          {
            "method": "GET",
            "status": 200,
            "url": "https://ljftumtjkouofgvkxgdk.supabase.co/rest/v1/leaderboard"
          },
          {
            "method": "GET",
            "status": 200,
            "url": "https://ljftumtjkouofgvkxgdk.supabase.co/rest/v1/leaderboard"
          }
        ]
      }
    },
    "leaderboard_score_visible": {
      "passed": true,
      "points_awarded": 3,
      "points_available": 3,
      "evidence": {
        "leaderboardText": "01\nBMX5971059662\n7,317\n02\nE2E PILOT\n2,468\n03\nBENCHMARK\n1,337"
      }
    },
    "mute_control": {
      "passed": true,
      "points_awarded": 3,
      "points_available": 3,
      "evidence": {
        "muteBefore": "\n        ◖))SOUND ON\n       Mute sound",
        "muteAfter": "\n        ◖×SOUND OFF\n       Mute sound"
      }
    },
    "restart": {
      "passed": true,
      "points_awarded": 2,
      "points_available": 2,
      "evidence": {
        "phase": "playing",
        "score": 0,
        "lives": 3,
        "playerX": 400,
        "playerY": 795,
        "enemyCount": 1,
        "projectileCount": 0
      }
    },
    "basic_accessible_labels": {
      "passed": true,
      "points_awarded": 1,
      "points_available": 1,
      "evidence": {
        "labeledElements": 8
      }
    },
    "mobile_touch_and_fit": {
      "passed": true,
      "points_awarded": 5,
      "points_available": 5,
      "evidence": {
        "touchVisible": true,
        "canvasBox": {
          "x": 10,
          "y": 161,
          "width": 370,
          "height": 416.25
        }
      }
    },
    "browser_error_free": {
      "passed": false,
      "points_awarded": 0,
      "points_available": 2,
      "evidence": {
        "console_errors": [
          "Applying inline style violates the following Content Security Policy directive 'style-src 'self' https://fonts.googleapis.com'. Either the 'unsafe-inline' keyword, a hash ('sha256-9BchftstJR9ZPXUm7g+xVmzGWBLskGWn+vLhL5AID8c='), or a nonce ('nonce-...') is required to enable inline execution. Note that hashes do not apply to event handlers, style attributes and javascript: navigations unless the 'unsafe-hashes' keyword is present. The action has been blocked.",
          "Applying inline style violates the following Content Security Policy directive 'style-src 'self' https://fonts.googleapis.com'. Either the 'unsafe-inline' keyword, a hash ('sha256-ZGm/N/J7kESMdI86io7P9vu7cYuasibr15Eku1cM/bk='), or a nonce ('nonce-...') is required to enable inline execution. Note that hashes do not apply to event handlers, style attributes and javascript: navigations unless the 'unsafe-hashes' keyword is present. The action has been blocked.",
          "Applying inline style violates the following Content Security Policy directive 'style-src 'self' https://fonts.googleapis.com'. Either the 'unsafe-inline' keyword, a hash ('sha256-9BchftstJR9ZPXUm7g+xVmzGWBLskGWn+vLhL5AID8c='), or a nonce ('nonce-...') is required to enable inline execution. Note that hashes do not apply to event handlers, style attributes and javascript: navigations unless the 'unsafe-hashes' keyword is present. The action has been blocked.",
          "Applying inline style violates the following Content Security Policy directive 'style-src 'self' https://fonts.googleapis.com'. Either the 'unsafe-inline' keyword, a hash ('sha256-mz4CW/ol+pk3AptxBRH8a3aokIWfdq0/+7pxJ/NSVto='), or a nonce ('nonce-...') is required to enable inline execution. Note that hashes do not apply to event handlers, style attributes and javascript: navigations unless the 'unsafe-hashes' keyword is present. The action has been blocked.",
          "Applying inline style violates the following Content Security Policy directive 'style-src 'self' https://fonts.googleapis.com'. Either the 'unsafe-inline' keyword, a hash ('sha256-nJRxSG/2IkQDvKa8ZHCyJEZ2yiWFezMKuwskIUYEJQ4='), or a nonce ('nonce-...') is required to enable inline execution. Note that hashes do not apply to event handlers, style attributes and javascript: navigations unless the 'unsafe-hashes' keyword is present. The action has been blocked.",
          "Applying inline style violates the following Content Security Policy directive 'style-src 'self' https://fonts.googleapis.com'. Either the 'unsafe-inline' keyword, a hash ('sha256-9BchftstJR9ZPXUm7g+xVmzGWBLskGWn+vLhL5AID8c='), or a nonce ('nonce-...') is required to enable inline execution. Note that hashes do not apply to event handlers, style attributes and javascript: navigations unless the 'unsafe-hashes' keyword is present. The action has been blocked.",
          "Applying inline style violates the following Content Security Policy directive 'style-src 'self' https://fonts.googleapis.com'. Either the 'unsafe-inline' keyword, a hash ('sha256-mz4CW/ol+pk3AptxBRH8a3aokIWfdq0/+7pxJ/NSVto='), or a nonce ('nonce-...') is required to enable inline execution. Note that hashes do not apply to event handlers, style attributes and javascript: navigations unless the 'unsafe-hashes' keyword is present. The action has been blocked.",
          "Applying inline style violates the following Content Security Policy directive 'style-src 'self' https://fonts.googleapis.com'. Either the 'unsafe-inline' keyword, a hash ('sha256-nJRxSG/2IkQDvKa8ZHCyJEZ2yiWFezMKuwskIUYEJQ4='), or a nonce ('nonce-...') is required to enable inline execution. Note that hashes do not apply to event handlers, style attributes and javascript: navigations unless the 'unsafe-hashes' keyword is present. The action has been blocked."
        ],
        "page_errors": []
      }
    }
  },
  "console_errors": [
    "Applying inline style violates the following Content Security Policy directive 'style-src 'self' https://fonts.googleapis.com'. Either the 'unsafe-inline' keyword, a hash ('sha256-9BchftstJR9ZPXUm7g+xVmzGWBLskGWn+vLhL5AID8c='), or a nonce ('nonce-...') is required to enable inline execution. Note that hashes do not apply to event handlers, style attributes and javascript: navigations unless the 'unsafe-hashes' keyword is present. The action has been blocked.",
    "Applying inline style violates the following Content Security Policy directive 'style-src 'self' https://fonts.googleapis.com'. Either the 'unsafe-inline' keyword, a hash ('sha256-ZGm/N/J7kESMdI86io7P9vu7cYuasibr15Eku1cM/bk='), or a nonce ('nonce-...') is required to enable inline execution. Note that hashes do not apply to event handlers, style attributes and javascript: navigations unless the 'unsafe-hashes' keyword is present. The action has been blocked.",
    "Applying inline style violates the following Content Security Policy directive 'style-src 'self' https://fonts.googleapis.com'. Either the 'unsafe-inline' keyword, a hash ('sha256-9BchftstJR9ZPXUm7g+xVmzGWBLskGWn+vLhL5AID8c='), or a nonce ('nonce-...') is required to enable inline execution. Note that hashes do not apply to event handlers, style attributes and javascript: navigations unless the 'unsafe-hashes' keyword is present. The action has been blocked.",
    "Applying inline style violates the following Content Security Policy directive 'style-src 'self' https://fonts.googleapis.com'. Either the 'unsafe-inline' keyword, a hash ('sha256-mz4CW/ol+pk3AptxBRH8a3aokIWfdq0/+7pxJ/NSVto='), or a nonce ('nonce-...') is required to enable inline execution. Note that hashes do not apply to event handlers, style attributes and javascript: navigations unless the 'unsafe-hashes' keyword is present. The action has been blocked.",
    "Applying inline style violates the following Content Security Policy directive 'style-src 'self' https://fonts.googleapis.com'. Either the 'unsafe-inline' keyword, a hash ('sha256-nJRxSG/2IkQDvKa8ZHCyJEZ2yiWFezMKuwskIUYEJQ4='), or a nonce ('nonce-...') is required to enable inline execution. Note that hashes do not apply to event handlers, style attributes and javascript: navigations unless the 'unsafe-hashes' keyword is present. The action has been blocked.",
    "Applying inline style violates the following Content Security Policy directive 'style-src 'self' https://fonts.googleapis.com'. Either the 'unsafe-inline' keyword, a hash ('sha256-9BchftstJR9ZPXUm7g+xVmzGWBLskGWn+vLhL5AID8c='), or a nonce ('nonce-...') is required to enable inline execution. Note that hashes do not apply to event handlers, style attributes and javascript: navigations unless the 'unsafe-hashes' keyword is present. The action has been blocked.",
    "Applying inline style violates the following Content Security Policy directive 'style-src 'self' https://fonts.googleapis.com'. Either the 'unsafe-inline' keyword, a hash ('sha256-mz4CW/ol+pk3AptxBRH8a3aokIWfdq0/+7pxJ/NSVto='), or a nonce ('nonce-...') is required to enable inline execution. Note that hashes do not apply to event handlers, style attributes and javascript: navigations unless the 'unsafe-hashes' keyword is present. The action has been blocked.",
    "Applying inline style violates the following Content Security Policy directive 'style-src 'self' https://fonts.googleapis.com'. Either the 'unsafe-inline' keyword, a hash ('sha256-nJRxSG/2IkQDvKa8ZHCyJEZ2yiWFezMKuwskIUYEJQ4='), or a nonce ('nonce-...') is required to enable inline execution. Note that hashes do not apply to event handlers, style attributes and javascript: navigations unless the 'unsafe-hashes' keyword is present. The action has been blocked."
  ],
  "page_errors": [],
  "supabase_requests": [
    {
      "method": "GET",
      "status": 200,
      "url": "https://ljftumtjkouofgvkxgdk.supabase.co/rest/v1/leaderboard"
    },
    {
      "method": "POST",
      "status": 201,
      "url": "https://ljftumtjkouofgvkxgdk.supabase.co/rest/v1/leaderboard"
    },
    {
      "method": "GET",
      "status": 200,
      "url": "https://ljftumtjkouofgvkxgdk.supabase.co/rest/v1/leaderboard"
    },
    {
      "method": "GET",
      "status": 200,
      "url": "https://ljftumtjkouofgvkxgdk.supabase.co/rest/v1/leaderboard"
    }
  ],
  "notes": []
}
