{
  "evaluated_at": "2026-08-05T22:44:38.109Z",
  "candidate_dir": "/workspaces/shootemup-benchmark/candidates/a2a_async",
  "result_artifact_valid": true,
  "automated_points": 54,
  "automated_points_available": 54,
  "checks": {
    "valid_result_artifact": {
      "passed": true,
      "points_awarded": 3,
      "points_available": 3,
      "evidence": null
    },
    "live_cloudflare_app": {
      "passed": true,
      "points_awarded": 5,
      "points_available": 5,
      "evidence": {
        "http_status": 200,
        "canvas_visible": true
      }
    },
    "required_test_surface": {
      "passed": true,
      "points_awarded": 2,
      "points_available": 2,
      "evidence": {
        "selectorPresence": {
          "start-button": 1,
          "score": 1,
          "lives": 1,
          "mute-button": 1,
          "leaderboard": 1,
          "player-name": 1,
          "submit-score": 1,
          "touch-controls": 1
        },
        "adapterPresent": true
      }
    },
    "game_starts": {
      "passed": true,
      "points_awarded": 2,
      "points_available": 2,
      "evidence": {
        "phase": "playing",
        "score": 0,
        "lives": 3,
        "playerX": 500,
        "playerY": 514,
        "enemyCount": 1,
        "projectileCount": 0
      }
    },
    "keyboard_movement": {
      "passed": true,
      "points_awarded": 3,
      "points_available": 3,
      "evidence": {
        "initial": {
          "phase": "playing",
          "score": 0,
          "lives": 3,
          "playerX": 500,
          "playerY": 514,
          "enemyCount": 1,
          "projectileCount": 0
        },
        "moved": {
          "phase": "playing",
          "score": 0,
          "lives": 3,
          "playerX": 653.9560000000001,
          "playerY": 514,
          "enemyCount": 1,
          "projectileCount": 0
        }
      }
    },
    "keyboard_fire": {
      "passed": true,
      "points_awarded": 3,
      "points_available": 3,
      "evidence": {
        "moved": {
          "phase": "playing",
          "score": 0,
          "lives": 3,
          "playerX": 653.9560000000001,
          "playerY": 514,
          "enemyCount": 1,
          "projectileCount": 0
        },
        "fired": {
          "phase": "playing",
          "score": 0,
          "lives": 3,
          "playerX": 653.9560000000001,
          "playerY": 514,
          "enemyCount": 1,
          "projectileCount": 2
        }
      }
    },
    "enemies_spawn": {
      "passed": true,
      "points_awarded": 3,
      "points_available": 3,
      "evidence": {
        "phase": "playing",
        "score": 0,
        "lives": 3,
        "playerX": 653.9560000000001,
        "playerY": 514,
        "enemyCount": 5,
        "projectileCount": 1
      }
    },
    "hud_state": {
      "passed": true,
      "points_awarded": 2,
      "points_available": 2,
      "evidence": {
        "phase": "playing",
        "score": 0,
        "lives": 3,
        "playerX": 653.9560000000001,
        "playerY": 514,
        "enemyCount": 5,
        "projectileCount": 1
      }
    },
    "game_over_adapter_uses_real_state": {
      "passed": true,
      "points_awarded": 3,
      "points_available": 3,
      "evidence": {
        "phase": "gameover",
        "score": 7317,
        "lives": 0,
        "playerX": 653.9560000000001,
        "playerY": 514,
        "enemyCount": 0,
        "projectileCount": 0
      }
    },
    "leaderboard_ui_submission": {
      "passed": true,
      "points_awarded": 6,
      "points_available": 6,
      "evidence": {
        "testName": "BMX5969884604",
        "requests": [
          {
            "method": "GET",
            "status": 200,
            "url": "https://jwukeslyxddqgwsrmvip.supabase.co/rest/v1/leaderboard"
          },
          {
            "method": "POST",
            "status": 201,
            "url": "https://jwukeslyxddqgwsrmvip.supabase.co/rest/v1/leaderboard"
          },
          {
            "method": "GET",
            "status": 200,
            "url": "https://jwukeslyxddqgwsrmvip.supabase.co/rest/v1/leaderboard"
          },
          {
            "method": "GET",
            "status": 200,
            "url": "https://jwukeslyxddqgwsrmvip.supabase.co/rest/v1/leaderboard"
          }
        ]
      }
    },
    "leaderboard_reload_persistence": {
      "passed": true,
      "points_awarded": 6,
      "points_available": 6,
      "evidence": {
        "testName": "BMX5969884604",
        "persisted": true,
        "requests": [
          {
            "method": "GET",
            "status": 200,
            "url": "https://jwukeslyxddqgwsrmvip.supabase.co/rest/v1/leaderboard"
          },
          {
            "method": "POST",
            "status": 201,
            "url": "https://jwukeslyxddqgwsrmvip.supabase.co/rest/v1/leaderboard"
          },
          {
            "method": "GET",
            "status": 200,
            "url": "https://jwukeslyxddqgwsrmvip.supabase.co/rest/v1/leaderboard"
          },
          {
            "method": "GET",
            "status": 200,
            "url": "https://jwukeslyxddqgwsrmvip.supabase.co/rest/v1/leaderboard"
          }
        ]
      }
    },
    "leaderboard_score_visible": {
      "passed": true,
      "points_awarded": 3,
      "points_available": 3,
      "evidence": {
        "leaderboardText": "01\nA2A-REST\n009876\n02\nBMX5969884604\n007317\n03\nFINAL Pilot\n006789\n04\nLIVE Pilot\n005432\n05\nA2A Pilot\n004321"
      }
    },
    "mute_control": {
      "passed": true,
      "points_awarded": 3,
      "points_available": 3,
      "evidence": {
        "muteBefore": "\n          ◒SOUND ON\n         Unmute sound",
        "muteAfter": "\n          ◑SOUND OFF\n         Unmute sound"
      }
    },
    "restart": {
      "passed": true,
      "points_awarded": 2,
      "points_available": 2,
      "evidence": {
        "phase": "playing",
        "score": 0,
        "lives": 3,
        "playerX": 500,
        "playerY": 514,
        "enemyCount": 0,
        "projectileCount": 0
      }
    },
    "basic_accessible_labels": {
      "passed": true,
      "points_awarded": 1,
      "points_available": 1,
      "evidence": {
        "labeledElements": 7
      }
    },
    "mobile_touch_and_fit": {
      "passed": true,
      "points_awarded": 5,
      "points_available": 5,
      "evidence": {
        "touchVisible": true,
        "canvasBox": {
          "x": 15,
          "y": 611.90625,
          "width": 360,
          "height": 216
        }
      }
    },
    "browser_error_free": {
      "passed": true,
      "points_awarded": 2,
      "points_available": 2,
      "evidence": {
        "console_errors": [],
        "page_errors": []
      }
    }
  },
  "console_errors": [],
  "page_errors": [],
  "supabase_requests": [
    {
      "method": "GET",
      "status": 200,
      "url": "https://jwukeslyxddqgwsrmvip.supabase.co/rest/v1/leaderboard"
    },
    {
      "method": "POST",
      "status": 201,
      "url": "https://jwukeslyxddqgwsrmvip.supabase.co/rest/v1/leaderboard"
    },
    {
      "method": "GET",
      "status": 200,
      "url": "https://jwukeslyxddqgwsrmvip.supabase.co/rest/v1/leaderboard"
    },
    {
      "method": "GET",
      "status": 200,
      "url": "https://jwukeslyxddqgwsrmvip.supabase.co/rest/v1/leaderboard"
    }
  ],
  "notes": []
}
