{
  "evaluated_at": "2026-08-05T17:51:18.470Z",
  "candidate_dir": "/workspaces/shootemup-benchmark/candidates/a2a",
  "result_artifact_valid": true,
  "automated_points": 54,
  "automated_points_available": 54,
  "checks": {
    "valid_result_artifact": {
      "passed": true,
      "points_awarded": 3,
      "points_available": 3,
      "evidence": null
    },
    "live_cloudflare_app": {
      "passed": true,
      "points_awarded": 5,
      "points_available": 5,
      "evidence": {
        "http_status": 200,
        "canvas_visible": true
      }
    },
    "required_test_surface": {
      "passed": true,
      "points_awarded": 2,
      "points_available": 2,
      "evidence": {
        "selectorPresence": {
          "start-button": 1,
          "score": 1,
          "lives": 1,
          "mute-button": 1,
          "leaderboard": 1,
          "player-name": 1,
          "submit-score": 1,
          "touch-controls": 1
        },
        "adapterPresent": true
      }
    },
    "game_starts": {
      "passed": true,
      "points_awarded": 2,
      "points_available": 2,
      "evidence": {
        "phase": "running",
        "score": 0,
        "lives": 3,
        "playerX": 462,
        "playerY": 518,
        "enemyCount": 0,
        "projectileCount": 0
      }
    },
    "keyboard_movement": {
      "passed": true,
      "points_awarded": 3,
      "points_available": 3,
      "evidence": {
        "initial": {
          "phase": "running",
          "score": 0,
          "lives": 3,
          "playerX": 462,
          "playerY": 518,
          "enemyCount": 0,
          "projectileCount": 0
        },
        "moved": {
          "phase": "running",
          "score": 0,
          "lives": 3,
          "playerX": 579.2499999999998,
          "playerY": 518,
          "enemyCount": 1,
          "projectileCount": 0
        }
      }
    },
    "keyboard_fire": {
      "passed": true,
      "points_awarded": 3,
      "points_available": 3,
      "evidence": {
        "moved": {
          "phase": "running",
          "score": 0,
          "lives": 3,
          "playerX": 579.2499999999998,
          "playerY": 518,
          "enemyCount": 1,
          "projectileCount": 0
        },
        "fired": {
          "phase": "running",
          "score": 0,
          "lives": 3,
          "playerX": 579.2499999999998,
          "playerY": 518,
          "enemyCount": 1,
          "projectileCount": 1
        }
      }
    },
    "enemies_spawn": {
      "passed": true,
      "points_awarded": 3,
      "points_available": 3,
      "evidence": {
        "phase": "running",
        "score": 0,
        "lives": 3,
        "playerX": 579.2499999999998,
        "playerY": 518,
        "enemyCount": 4,
        "projectileCount": 0
      }
    },
    "hud_state": {
      "passed": true,
      "points_awarded": 2,
      "points_available": 2,
      "evidence": {
        "phase": "running",
        "score": 0,
        "lives": 3,
        "playerX": 579.2499999999998,
        "playerY": 518,
        "enemyCount": 4,
        "projectileCount": 0
      }
    },
    "game_over_adapter_uses_real_state": {
      "passed": true,
      "points_awarded": 3,
      "points_available": 3,
      "evidence": {
        "phase": "game-over",
        "score": 7317,
        "lives": 0,
        "playerX": 579.2499999999998,
        "playerY": 518,
        "enemyCount": 0,
        "projectileCount": 0
      }
    },
    "leaderboard_ui_submission": {
      "passed": true,
      "points_awarded": 6,
      "points_available": 6,
      "evidence": {
        "testName": "BMX5952286814",
        "requests": [
          {
            "method": "GET",
            "status": 200,
            "url": "https://kgpwgaorlbrbxathbodo.supabase.co/rest/v1/leaderboard"
          },
          {
            "method": "POST",
            "status": 201,
            "url": "https://kgpwgaorlbrbxathbodo.supabase.co/rest/v1/leaderboard"
          },
          {
            "method": "GET",
            "status": 200,
            "url": "https://kgpwgaorlbrbxathbodo.supabase.co/rest/v1/leaderboard"
          },
          {
            "method": "GET",
            "status": 200,
            "url": "https://kgpwgaorlbrbxathbodo.supabase.co/rest/v1/leaderboard"
          }
        ]
      }
    },
    "leaderboard_reload_persistence": {
      "passed": true,
      "points_awarded": 6,
      "points_available": 6,
      "evidence": {
        "testName": "BMX5952286814",
        "persisted": true,
        "requests": [
          {
            "method": "GET",
            "status": 200,
            "url": "https://kgpwgaorlbrbxathbodo.supabase.co/rest/v1/leaderboard"
          },
          {
            "method": "POST",
            "status": 201,
            "url": "https://kgpwgaorlbrbxathbodo.supabase.co/rest/v1/leaderboard"
          },
          {
            "method": "GET",
            "status": 200,
            "url": "https://kgpwgaorlbrbxathbodo.supabase.co/rest/v1/leaderboard"
          },
          {
            "method": "GET",
            "status": 200,
            "url": "https://kgpwgaorlbrbxathbodo.supabase.co/rest/v1/leaderboard"
          }
        ]
      }
    },
    "leaderboard_score_visible": {
      "passed": true,
      "points_awarded": 3,
      "points_available": 3,
      "evidence": {
        "leaderboardText": "01\nVERIFY-A2A\n424242\n02\nBMX5952286814\n007317\n03\nA2A-PILOT\n001357"
      }
    },
    "mute_control": {
      "passed": true,
      "points_awarded": 3,
      "points_available": 3,
      "evidence": {
        "muteBefore": "\n            ◖)))\n            SOUND ON\n           Mute sound",
        "muteAfter": "\n            ◖×××\n            SOUND OFF\n           Unmute sound"
      }
    },
    "restart": {
      "passed": true,
      "points_awarded": 2,
      "points_available": 2,
      "evidence": {
        "phase": "running",
        "score": 0,
        "lives": 3,
        "playerX": 462,
        "playerY": 518,
        "enemyCount": 0,
        "projectileCount": 0
      }
    },
    "basic_accessible_labels": {
      "passed": true,
      "points_awarded": 1,
      "points_available": 1,
      "evidence": {
        "labeledElements": 7
      }
    },
    "mobile_touch_and_fit": {
      "passed": true,
      "points_awarded": 5,
      "points_available": 5,
      "evidence": {
        "touchVisible": true,
        "canvasBox": {
          "x": 25,
          "y": 213,
          "width": 340,
          "height": 212.5
        }
      }
    },
    "browser_error_free": {
      "passed": true,
      "points_awarded": 2,
      "points_available": 2,
      "evidence": {
        "console_errors": [],
        "page_errors": []
      }
    }
  },
  "console_errors": [],
  "page_errors": [],
  "supabase_requests": [
    {
      "method": "GET",
      "status": 200,
      "url": "https://kgpwgaorlbrbxathbodo.supabase.co/rest/v1/leaderboard"
    },
    {
      "method": "POST",
      "status": 201,
      "url": "https://kgpwgaorlbrbxathbodo.supabase.co/rest/v1/leaderboard"
    },
    {
      "method": "GET",
      "status": 200,
      "url": "https://kgpwgaorlbrbxathbodo.supabase.co/rest/v1/leaderboard"
    },
    {
      "method": "GET",
      "status": 200,
      "url": "https://kgpwgaorlbrbxathbodo.supabase.co/rest/v1/leaderboard"
    }
  ],
  "notes": []
}
