{
  "evaluated_at": "2026-08-05T16:39:14.361Z",
  "candidate_dir": "/workspaces/shootemup-benchmark/candidates/native_dynamic",
  "result_artifact_valid": true,
  "automated_points": 34,
  "automated_points_available": 54,
  "checks": {
    "valid_result_artifact": {
      "passed": true,
      "points_awarded": 3,
      "points_available": 3,
      "evidence": null
    },
    "live_cloudflare_app": {
      "passed": true,
      "points_awarded": 5,
      "points_available": 5,
      "evidence": {
        "http_status": 200,
        "canvas_visible": true
      }
    },
    "required_test_surface": {
      "passed": true,
      "points_awarded": 2,
      "points_available": 2,
      "evidence": {
        "selectorPresence": {
          "start-button": 1,
          "score": 1,
          "lives": 1,
          "mute-button": 1,
          "leaderboard": 1,
          "player-name": 1,
          "submit-score": 1,
          "touch-controls": 1
        },
        "adapterPresent": true
      }
    },
    "game_starts": {
      "passed": true,
      "points_awarded": 2,
      "points_available": 2,
      "evidence": {
        "phase": "playing",
        "score": 0,
        "lives": 3,
        "playerX": 480,
        "playerY": 562,
        "enemyCount": 0,
        "projectileCount": 0
      }
    },
    "keyboard_movement": {
      "passed": true,
      "points_awarded": 3,
      "points_available": 3,
      "evidence": {
        "initial": {
          "phase": "playing",
          "score": 0,
          "lives": 3,
          "playerX": 480,
          "playerY": 562,
          "enemyCount": 0,
          "projectileCount": 0
        },
        "moved": {
          "phase": "playing",
          "score": 0,
          "lives": 3,
          "playerX": 590,
          "playerY": 562,
          "enemyCount": 1,
          "projectileCount": 0
        }
      }
    },
    "keyboard_fire": {
      "passed": true,
      "points_awarded": 3,
      "points_available": 3,
      "evidence": {
        "moved": {
          "phase": "playing",
          "score": 0,
          "lives": 3,
          "playerX": 590,
          "playerY": 562,
          "enemyCount": 1,
          "projectileCount": 0
        },
        "fired": {
          "phase": "playing",
          "score": 0,
          "lives": 3,
          "playerX": 590,
          "playerY": 562,
          "enemyCount": 1,
          "projectileCount": 1
        }
      }
    },
    "enemies_spawn": {
      "passed": true,
      "points_awarded": 3,
      "points_available": 3,
      "evidence": {
        "phase": "playing",
        "score": 0,
        "lives": 3,
        "playerX": 590,
        "playerY": 562,
        "enemyCount": 4,
        "projectileCount": 0
      }
    },
    "hud_state": {
      "passed": true,
      "points_awarded": 2,
      "points_available": 2,
      "evidence": {
        "phase": "playing",
        "score": 0,
        "lives": 3,
        "playerX": 590,
        "playerY": 562,
        "enemyCount": 4,
        "projectileCount": 0
      }
    },
    "game_over_adapter_uses_real_state": {
      "passed": true,
      "points_awarded": 3,
      "points_available": 3,
      "evidence": {
        "phase": "gameover",
        "score": 7317,
        "lives": 0,
        "playerX": 590,
        "playerY": 562,
        "enemyCount": 0,
        "projectileCount": 0
      }
    },
    "leaderboard_ui_submission": {
      "passed": false,
      "points_awarded": 0,
      "points_available": 6,
      "evidence": {
        "testName": "BMX5947961519",
        "error": "locator.fill: Timeout 5000ms exceeded.\nCall log:\n\u001b[2m  - waiting for locator('[data-testid=\"player-name\"]')\u001b[22m\n\u001b[2m    - locator resolved to <input type=\"text\" minlength=\"1\" maxlength=\"16\" id=\"player-name\" name=\"player-name\" autocomplete=\"nickname\" data-testid=\"player-name\" placeholder=\"YOUR CALLSIGN\" aria-describedby=\"name-help leaderboard-feedback\"/>\u001b[22m\n\u001b[2m    - fill(\"BMX5947961519\")\u001b[22m\n\u001b[2m  - attempting fill action\u001b[22m\n\u001b[2m    2 × waiting for element to be visible, enabled and editable\u001b[22m\n\u001b[2m      - element is not visible\u001b[22m\n\u001b[2m    - retrying fill action\u001b[22m\n\u001b[2m    - waiting 20ms\u001b[22m\n\u001b[2m    2 × waiting for element to be visible, enabled and editable\u001b[22m\n\u001b[2m      - element is not visible\u001b[22m\n\u001b[2m    - retrying fill action\u001b[22m\n\u001b[2m      - waiting 100ms\u001b[22m\n\u001b[2m    4 × waiting for element to be visible, enabled and editable\u001b[22m\n\u001b[2m      - element is not visible\u001b[22m\n\u001b[2m    - retrying fill action\u001b[22m\n\u001b[2m      - waiting 500ms\u001b[22m\n"
      }
    },
    "leaderboard_reload_persistence": {
      "passed": false,
      "points_awarded": 0,
      "points_available": 6,
      "evidence": {
        "testName": "BMX5947961519",
        "error": "locator.fill: Timeout 5000ms exceeded.\nCall log:\n\u001b[2m  - waiting for locator('[data-testid=\"player-name\"]')\u001b[22m\n\u001b[2m    - locator resolved to <input type=\"text\" minlength=\"1\" maxlength=\"16\" id=\"player-name\" name=\"player-name\" autocomplete=\"nickname\" data-testid=\"player-name\" placeholder=\"YOUR CALLSIGN\" aria-describedby=\"name-help leaderboard-feedback\"/>\u001b[22m\n\u001b[2m    - fill(\"BMX5947961519\")\u001b[22m\n\u001b[2m  - attempting fill action\u001b[22m\n\u001b[2m    2 × waiting for element to be visible, enabled and editable\u001b[22m\n\u001b[2m      - element is not visible\u001b[22m\n\u001b[2m    - retrying fill action\u001b[22m\n\u001b[2m    - waiting 20ms\u001b[22m\n\u001b[2m    2 × waiting for element to be visible, enabled and editable\u001b[22m\n\u001b[2m      - element is not visible\u001b[22m\n\u001b[2m    - retrying fill action\u001b[22m\n\u001b[2m      - waiting 100ms\u001b[22m\n\u001b[2m    4 × waiting for element to be visible, enabled and editable\u001b[22m\n\u001b[2m      - element is not visible\u001b[22m\n\u001b[2m    - retrying fill action\u001b[22m\n\u001b[2m      - waiting 500ms\u001b[22m\n"
      }
    },
    "leaderboard_score_visible": {
      "passed": false,
      "points_awarded": 0,
      "points_available": 3,
      "evidence": {
        "error": "locator.fill: Timeout 5000ms exceeded.\nCall log:\n\u001b[2m  - waiting for locator('[data-testid=\"player-name\"]')\u001b[22m\n\u001b[2m    - locator resolved to <input type=\"text\" minlength=\"1\" maxlength=\"16\" id=\"player-name\" name=\"player-name\" autocomplete=\"nickname\" data-testid=\"player-name\" placeholder=\"YOUR CALLSIGN\" aria-describedby=\"name-help leaderboard-feedback\"/>\u001b[22m\n\u001b[2m    - fill(\"BMX5947961519\")\u001b[22m\n\u001b[2m  - attempting fill action\u001b[22m\n\u001b[2m    2 × waiting for element to be visible, enabled and editable\u001b[22m\n\u001b[2m      - element is not visible\u001b[22m\n\u001b[2m    - retrying fill action\u001b[22m\n\u001b[2m    - waiting 20ms\u001b[22m\n\u001b[2m    2 × waiting for element to be visible, enabled and editable\u001b[22m\n\u001b[2m      - element is not visible\u001b[22m\n\u001b[2m    - retrying fill action\u001b[22m\n\u001b[2m      - waiting 100ms\u001b[22m\n\u001b[2m    4 × waiting for element to be visible, enabled and editable\u001b[22m\n\u001b[2m      - element is not visible\u001b[22m\n\u001b[2m    - retrying fill action\u001b[22m\n\u001b[2m      - waiting 500ms\u001b[22m\n"
      }
    },
    "mute_control": {
      "passed": true,
      "points_awarded": 3,
      "points_available": 3,
      "evidence": {
        "muteBefore": "\n            ◖)))\n            Sound on\n           Turn sound off",
        "muteAfter": "\n            ◖)))\n            Sound on\n           Unmute sound"
      }
    },
    "restart": {
      "passed": true,
      "points_awarded": 2,
      "points_available": 2,
      "evidence": {
        "phase": "playing",
        "score": 0,
        "lives": 3,
        "playerX": 480,
        "playerY": 562,
        "enemyCount": 0,
        "projectileCount": 0
      }
    },
    "basic_accessible_labels": {
      "passed": true,
      "points_awarded": 1,
      "points_available": 1,
      "evidence": {
        "labeledElements": 7
      }
    },
    "mobile_touch_and_fit": {
      "passed": false,
      "points_awarded": 0,
      "points_available": 5,
      "evidence": {
        "touchVisible": true,
        "canvasBox": {
          "x": 8,
          "y": 255.875,
          "width": 960,
          "height": 620
        }
      }
    },
    "browser_error_free": {
      "passed": true,
      "points_awarded": 2,
      "points_available": 2,
      "evidence": {
        "console_errors": [],
        "page_errors": []
      }
    }
  },
  "console_errors": [],
  "page_errors": [],
  "supabase_requests": [
    {
      "method": "GET",
      "status": 200,
      "url": "https://ssygpcxjilnmgtfdjari.supabase.co/rest/v1/leaderboard"
    }
  ],
  "notes": [
    "leaderboard flow failed: locator.fill: Timeout 5000ms exceeded.\nCall log:\n\u001b[2m  - waiting for locator('[data-testid=\"player-name\"]')\u001b[22m\n\u001b[2m    - locator resolved to <input type=\"text\" minlength=\"1\" maxlength=\"16\" id=\"player-name\" name=\"player-name\" autocomplete=\"nickname\" data-testid=\"player-name\" placeholder=\"YOUR CALLSIGN\" aria-describedby=\"name-help leaderboard-feedback\"/>\u001b[22m\n\u001b[2m    - fill(\"BMX5947961519\")\u001b[22m\n\u001b[2m  - attempting fill action\u001b[22m\n\u001b[2m    2 × waiting for element to be visible, enabled and editable\u001b[22m\n\u001b[2m      - element is not visible\u001b[22m\n\u001b[2m    - retrying fill action\u001b[22m\n\u001b[2m    - waiting 20ms\u001b[22m\n\u001b[2m    2 × waiting for element to be visible, enabled and editable\u001b[22m\n\u001b[2m      - element is not visible\u001b[22m\n\u001b[2m    - retrying fill action\u001b[22m\n\u001b[2m      - waiting 100ms\u001b[22m\n\u001b[2m    4 × waiting for element to be visible, enabled and editable\u001b[22m\n\u001b[2m      - element is not visible\u001b[22m\n\u001b[2m    - retrying fill action\u001b[22m\n\u001b[2m      - waiting 500ms\u001b[22m\n"
  ]
}
